DEBUG: App file starting load...
[2026-06-05 16:00:17] INFO     [-] app: [OK] Logging configured
[2026-06-05 16:00:17] INFO     [-] root: [OK] Compression enabled
[2026-06-05 16:00:17] INFO     [-] app: [OK] Tenant ORM scoping active (0 models)
[2026-06-05 16:00:17] INFO     [-] app: [OK] Extensions initialized
python : C:\Users\azad1\AppData\Roaming\Python\Python314\site-packages\flask_ca
ching\__init__.py:114: UserWarning: Flask-Caching: CACHE_TYPE is set to null, 
caching is effectively disabled.
At line:1 char:1
+ python test_gl_dimensions.py 2>&1 > test_output.txt; cat test_output. ...
+ ~~~~~~~~~~~~~~~~~~~~~~~~~~~~~~~~~~~~~~~~~~~~~~~~~~~
    + CategoryInfo          : NotSpecified: (C:\Users\azad1\...ively disabled. 
   :String) [], RemoteException
    + FullyQualifiedErrorId : NativeCommandError
 
  warnings.warn(
INFO: ============================================================
INFO: [OK] Enhanced Logging System initialized
INFO: ============================================================
DEBUG: System Integrity Check...
WARNING: SystemInit: Skipped owner email update to 'owner@example.com' because it is already used by user 'owner' (id=1).
INFO: SystemInit: Ensuring Core Data Integrity...
INFO: SystemInit: Core Data Verification Complete.
INFO: BranchRepair: schema_changes=0 users=0 sales=0 purchases=0 expenses=0 payments=0 receipts=0 cheques=0 gl=0 main_branch=1
INFO: SystemInit: Branch isolation repair verified.
INFO: SystemInit: Tenant GL trees verified.
INFO: AccountingRepair: merchant_id=9 products_linked=0 legacy_cheque_refs=0 inventory_adjustment=0
INFO: SystemInit: Accounting data repair verified.
INFO: [OK] System integrity verified (Master Key & Core Data Active)
[2026-06-05 16:00:31] INFO     [-] ai_knowledge.learning.continuous_learner: ≡ƒÄô Continuous Learner initialized
[2026-06-05 16:00:35] INFO     [-] models.events: Γä╣∩╕Å Automatic GL listeners skipped - relying on Service layer for accurate GL entries
[2026-06-05 16:00:35] INFO     [-] models.events: [OK] Event listeners registered (core + validation + audit; AI=True)
INFO: CLI commands not available - skipping
INFO: [OK] Application initialized successfully

======================================================================
FUNCTIONAL TEST: GL POSTING WITH NEW DIMENSION FIELDS
======================================================================

1. RETRIEVING TEST DATA:
   Γ£ô Tenant: Nasrallah
   Γ£ô Branch: Ramallah Main Branch
   Γ£ô Cost Center: ╪º┘ä┘à╪¬╪¼╪▒ ╪º┘ä╪▒╪ª┘è╪│┘è
Traceback (most recent call last):
  File "D:\Data\karaj\UAE\Azad-UAE\test_gl_dimensions.py", line 41, in <module>
    GLAccount.account_type.in_(['Cash', 'Bank'])
    ^^^^^^^^^^^^^^^^^^^^^^
AttributeError: type object 'GLAccount' has no attribute 'account_type'
